// Jest Snapshot v1, https://goo.gl/fbAQLP

exports[`Navigations snapshot renders navigations 1`] = `
<div
  style={
    Object {
      "display": "inline",
    }
  }
/>
`;
